// Jest Snapshot v1, https://goo.gl/fbAQLP

exports[`renderers correctly 1`] = `
<View
  onLayout={[Function]}
  style={
    Array [
      Object {
        "backgroundColor": "#FFF",
        "flex": 1,
      },
      Object {
        "paddingBottom": 0,
      },
    ]
  }
>
  <View
    style={
      Object {
        "alignItems": "center",
        "flexGrow": 1,
        "justifyContent": "center",
      }
    }
  >
    <Image
      source={
        Object {
          "testUri": "../../../src/assets/trampo.png",
        }
      }
      style={
        Object {
          "height": 300,
          "top": 10,
          "width": 300,
        }
      }
    />
  </View>
  <View>
    <TextInput
      allowFontScaling={true}
      autoCapitalize="none"
      autoCorrect={false}
      keyboardType="email-address"
      onSubmitEditing={[Function]}
      placeholder="email"
      placeholderTextColor="rgba(0,0,0,0.7)"
      returnKeyLabel="next"
      style={
        Object {
          "backgroundColor": "rgba(255,255,255,0.7)",
          "borderColor": "rgba(0,0,0,1)",
          "borderRadius": 5,
          "borderWidth": 1,
          "color": "#000000",
          "margin": 15,
          "paddingHorizontal": 10,
          "paddingVertical": 10,
        }
      }
      underlineColorAndroid="transparent"
    />
    <TextInput
      allowFontScaling={true}
      placeholder="senha"
      placeholderTextColor="rgba(0,0,0,0.7)"
      returnKeyType="go"
      secureTextEntry={true}
      style={
        Object {
          "backgroundColor": "rgba(255,255,255,0.7)",
          "borderColor": "rgba(0,0,0,1)",
          "borderRadius": 5,
          "borderWidth": 1,
          "color": "#000000",
          "margin": 15,
          "paddingHorizontal": 10,
          "paddingVertical": 10,
        }
      }
      underlineColorAndroid="transparent"
    />
    <View
      accessible={true}
      isTVSelectable={true}
      onResponderGrant={[Function]}
      onResponderMove={[Function]}
      onResponderRelease={[Function]}
      onResponderTerminate={[Function]}
      onResponderTerminationRequest={[Function]}
      onStartShouldSetResponder={[Function]}
      style={
        Object {
          "backgroundColor": "#95a5a6",
          "opacity": 1,
          "paddingVertical": 15,
        }
      }
    >
      <Text
        style={
          Object {
            "color": "#FFFFFF",
            "fontWeight": "700",
            "textAlign": "center",
          }
        }
      >
        LOGIN
      </Text>
    </View>
  </View>
  <View
    style={
      Object {
        "alignItems": "center",
        "flexDirection": "row",
        "flexGrow": 1,
        "justifyContent": "center",
        "marginVertical": 16,
      }
    }
  >
    <Text
      style={
        Object {
          "color": "#000000",
          "fontSize": 16,
        }
      }
    >
      Não tem cadastro? Faça seu cadastro 
    </Text>
    <View
      accessible={true}
      isTVSelectable={true}
      onResponderGrant={[Function]}
      onResponderMove={[Function]}
      onResponderRelease={[Function]}
      onResponderTerminate={[Function]}
      onResponderTerminationRequest={[Function]}
      onStartShouldSetResponder={[Function]}
      style={
        Object {
          "opacity": 1,
        }
      }
    >
      <Text
        style={
          Object {
            "color": "black",
            "fontSize": 16,
            "fontWeight": "bold",
            "textAlign": "center",
          }
        }
      >
        aqui!
      </Text>
    </View>
  </View>
</View>
`;
